// Jest Snapshot v1, https://goo.gl/fbAQLP

exports[`duration only should render correctly 1`] = `
<input
  id="input"
  onChange={[Function]}
  type="text"
/>
`;
